Company health data collection initiated at 2026-08-27 01:00:12.824248
Updating KRX data...
Updating between dates: 2026-08-18 / 2026-08-27
FULL rescan codes:
Total 43 items.
[0-42] ['000540', '0015N0', '0015S0', '002210', '002320', '004800', '011330', '011930', '012160', '012630', '033130', '035720', '036460', '042940', '054620', '064960', '066360', '079550', '089790', '092040', '092220', '115530', '168330', '170900', '198940', '206560', '210120', '222080', '246710', '261200', '271560', '272210', '294870', '318010', '332570', '340570', '344820', '371950', '372910', '377460', '389650', '419080', '472850']
PARTIAL rescan codes:
Total 24 items.
[0-23] ['030960', '334970', '097870', '093240', '950260', '001080', '900310', '018500', '169330', '357250', '012340', '389470', '032800', '050860', '376270', '189690', '282620', '0013V0', '100660', '462980', '478560', '021820', '950250', '900250']
full_rescan batch operation: 0
Financial data collection log >> 
2026-08-27 01:00:23.004648, no: 0, code 000540 in process
2026-08-27 01:00:31.498880, no: 1, code 0015N0 in process
2026-08-27 01:00:38.027876, no: 2, code 0015S0 in process
2026-08-27 01:00:44.163881, no: 3, code 002210 in process
2026-08-27 01:00:59.851998, no: 4, code 002320 in process
2026-08-27 01:01:15.713730, no: 5, code 004800 in process
2026-08-27 01:01:31.960756, no: 6, code 011330 in process
2026-08-27 01:01:47.707362, no: 7, code 011930 in process
2026-08-27 01:02:03.964479, no: 8, code 012160 in process
2026-08-27 01:02:19.744688, no: 9, code 012630 in process
2026-08-27 01:02:35.590963, no: 10, code 033130 in process
2026-08-27 01:02:51.679162, no: 11, code 035720 in process
2026-08-27 01:03:07.252618, no: 12, code 036460 in process
2026-08-27 01:03:22.875512, no: 13, code 042940 in process
2026-08-27 01:03:38.732859, no: 14, code 054620 in process
2026-08-27 01:03:54.367913, no: 15, code 064960 in process
2026-08-27 01:04:09.951041, no: 16, code 066360 in process
2026-08-27 01:04:23.685643, no: 17, code 079550 in process
2026-08-27 01:04:39.202823, no: 18, code 089790 in process
2026-08-27 01:04:54.581177, no: 19, code 092040 in process
2026-08-27 01:05:10.571249, no: 20, code 092220 in process
2026-08-27 01:05:27.551893, no: 21, code 115530 in process
2026-08-27 01:05:43.201804, no: 22, code 168330 in process
2026-08-27 01:05:58.995788, no: 23, code 170900 in process
2026-08-27 01:06:14.764127, no: 24, code 198940 in process
2026-08-27 01:06:23.709973, no: 25, code 206560 in process
2026-08-27 01:06:39.977859, no: 26, code 210120 in process
2026-08-27 01:06:49.355133, no: 27, code 222080 in process
2026-08-27 01:07:03.916223, no: 28, code 246710 in process
2026-08-27 01:07:16.423878, no: 29, code 261200 in process
2026-08-27 01:07:30.690338, no: 30, code 271560 in process
2026-08-27 01:07:45.068637, no: 31, code 272210 in process
2026-08-27 01:07:56.853001, no: 32, code 294870 in process
2026-08-27 01:08:10.207787, no: 33, code 318010 in process
2026-08-27 01:08:21.812578, no: 34, code 332570 in process
2026-08-27 01:08:33.022548, no: 35, code 340570 in process
2026-08-27 01:08:43.866665, no: 36, code 344820 in process
2026-08-27 01:08:55.413148, no: 37, code 371950 in process
2026-08-27 01:09:05.260865, no: 38, code 372910 in process
2026-08-27 01:09:15.503628, no: 39, code 377460 in process
2026-08-27 01:09:25.570234, no: 40, code 389650 in process
2026-08-27 01:09:32.853638, no: 41, code 419080 in process
2026-08-27 01:09:41.652113, no: 42, code 472850 in process
partial_rescan batch operation: 0
Financial data collection log >> 
2026-08-27 01:10:01.330579, no: 0, code 030960 in process
2026-08-27 01:10:08.628693, no: 1, code 334970 in process
2026-08-27 01:10:15.792322, no: 2, code 097870 in process
2026-08-27 01:10:22.979848, no: 3, code 093240 in process
2026-08-27 01:10:30.644969, no: 4, code 950260 in process
----> no: 4, code 950260 currency not in KRW, skipping
2026-08-27 01:10:35.846069, no: 5, code 001080 in process
2026-08-27 01:10:42.977934, no: 6, code 900310 in process
----> no: 6, code 900310 currency not in KRW, skipping
2026-08-27 01:10:48.165933, no: 7, code 018500 in process
2026-08-27 01:10:55.235805, no: 8, code 169330 in process
2026-08-27 01:11:02.402155, no: 9, code 357250 in process
2026-08-27 01:11:08.250599, no: 10, code 012340 in process
2026-08-27 01:11:15.520844, no: 11, code 389470 in process
2026-08-27 01:11:22.496692, no: 12, code 032800 in process
2026-08-27 01:11:29.706866, no: 13, code 050860 in process
2026-08-27 01:11:36.843977, no: 14, code 376270 in process
2026-08-27 01:11:43.791832, no: 15, code 189690 in process
2026-08-27 01:11:50.960061, no: 16, code 282620 in process
2026-08-27 01:11:56.657307, no: 17, code 0013V0 in process
2026-08-27 01:12:02.715566, no: 18, code 100660 in process
2026-08-27 01:12:09.638550, no: 19, code 462980 in process
2026-08-27 01:12:16.580184, no: 20, code 478560 in process
2026-08-27 01:12:23.445148, no: 21, code 021820 in process
2026-08-27 01:12:30.727010, no: 22, code 950250 in process
----> no: 22, code 950250 currency not in KRW, skipping
2026-08-27 01:12:36.434597, no: 23, code 900250 in process
----> no: 23, code 900250 currency not in KRW, skipping
Company health data collection initiated at 2026-08-27 11:56:40.954031
Updating KRX data...
Updating between dates: 2026-08-20 / 2026-08-27
FULL rescan codes:
Total 19 items.
[0-18] ['002320', '011930', '066360', '079550', '086710', '092220', '115530', '170900', '206560', '246710', '261200', '272210', '318010', '340570', '344820', '371950', '372910', '377460', '419080']
PARTIAL rescan codes:
Total 20 items.
[0-19] ['376270', '030960', '097870', '900250', '169330', '189690', '032800', '093240', '0013V0', '050860', '001080', '478560', '018500', '334970', '462980', '282620', '021820', '100660', '900310', '389470']
full_rescan batch operation: 0
Financial data collection log >> 
2026-08-27 11:56:44.227643, no: 0, code 002320 in process
2026-08-27 11:57:01.027442, no: 1, code 011930 in process
2026-08-27 11:57:16.778203, no: 2, code 066360 in process
2026-08-27 11:57:31.176104, no: 3, code 079550 in process
2026-08-27 11:57:47.478421, no: 4, code 086710 in process
2026-08-27 11:57:58.474833, no: 5, code 092220 in process
2026-08-27 11:58:14.334559, no: 6, code 115530 in process
2026-08-27 11:58:32.472176, no: 7, code 170900 in process
2026-08-27 11:58:48.490530, no: 8, code 206560 in process
2026-08-27 11:59:04.677350, no: 9, code 246710 in process
2026-08-27 11:59:17.322036, no: 10, code 261200 in process
2026-08-27 11:59:31.979424, no: 11, code 272210 in process
2026-08-27 11:59:44.153415, no: 12, code 318010 in process
2026-08-27 11:59:56.072209, no: 13, code 340570 in process
2026-08-27 12:00:08.744005, no: 14, code 344820 in process
2026-08-27 12:00:22.221374, no: 15, code 371950 in process
2026-08-27 12:00:32.898833, no: 16, code 372910 in process
2026-08-27 12:00:43.518195, no: 17, code 377460 in process
2026-08-27 12:00:53.276997, no: 18, code 419080 in process
partial_rescan batch operation: 0
Financial data collection log >> 
2026-08-27 12:01:11.945940, no: 0, code 376270 in process
2026-08-27 12:01:19.085390, no: 1, code 030960 in process
2026-08-27 12:01:26.397286, no: 2, code 097870 in process
2026-08-27 12:01:33.697880, no: 3, code 900250 in process
----> no: 3, code 900250 currency not in KRW, skipping
2026-08-27 12:01:38.900309, no: 4, code 169330 in process
2026-08-27 12:01:46.117431, no: 5, code 189690 in process
2026-08-27 12:01:53.410281, no: 6, code 032800 in process
2026-08-27 12:02:00.971336, no: 7, code 093240 in process
2026-08-27 12:02:08.252073, no: 8, code 0013V0 in process
2026-08-27 12:02:14.467512, no: 9, code 050860 in process
2026-08-27 12:02:21.663880, no: 10, code 001080 in process
2026-08-27 12:02:28.886057, no: 11, code 478560 in process
2026-08-27 12:02:36.929624, no: 12, code 018500 in process
2026-08-27 12:02:44.130102, no: 13, code 334970 in process
2026-08-27 12:02:51.362231, no: 14, code 462980 in process
2026-08-27 12:02:58.316003, no: 15, code 282620 in process
2026-08-27 12:03:04.034194, no: 16, code 021820 in process
2026-08-27 12:03:11.337768, no: 17, code 100660 in process
2026-08-27 12:03:18.337035, no: 18, code 900310 in process
----> no: 18, code 900310 currency not in KRW, skipping
2026-08-27 12:03:23.526842, no: 19, code 389470 in process
== Update finished ==
Company health data collection initiated at 2026-08-28 01:00:13.716448
Updating KRX data...
Updating between dates: 2026-08-20 / 2026-08-28
FULL rescan codes:
Total 19 items.
[0-18] ['002320', '011930', '066360', '079550', '086710', '092220', '115530', '170900', '206560', '246710', '261200', '272210', '318010', '340570', '344820', '371950', '372910', '377460', '419080']
PARTIAL rescan codes:
Total 14 items.
[0-13] ['021820', '900250', '097870', '093240', '189690', '334970', '900310', '273640', '030960', '032800', '169330', '900100', '001080', '050860']
full_rescan batch operation: 0
Financial data collection log >> 
2026-08-28 01:00:20.125611, no: 0, code 002320 in process
2026-08-28 01:00:35.883881, no: 1, code 011930 in process
2026-08-28 01:00:51.684121, no: 2, code 066360 in process
2026-08-28 01:01:05.721878, no: 3, code 079550 in process
2026-08-28 01:01:21.325730, no: 4, code 086710 in process
2026-08-28 01:01:32.268825, no: 5, code 092220 in process
2026-08-28 01:01:47.951060, no: 6, code 115530 in process
2026-08-28 01:02:03.572163, no: 7, code 170900 in process
2026-08-28 01:02:19.720070, no: 8, code 206560 in process
2026-08-28 01:02:35.603079, no: 9, code 246710 in process
2026-08-28 01:02:48.285089, no: 10, code 261200 in process
2026-08-28 01:03:02.708918, no: 11, code 272210 in process
2026-08-28 01:03:14.588930, no: 12, code 318010 in process
2026-08-28 01:03:26.607153, no: 13, code 340570 in process
2026-08-28 01:03:37.375849, no: 14, code 344820 in process
2026-08-28 01:03:49.045645, no: 15, code 371950 in process
2026-08-28 01:03:58.955719, no: 16, code 372910 in process
2026-08-28 01:04:09.227907, no: 17, code 377460 in process
2026-08-28 01:04:18.721237, no: 18, code 419080 in process
partial_rescan batch operation: 0
Financial data collection log >> 
2026-08-28 01:04:37.640505, no: 0, code 021820 in process
2026-08-28 01:04:44.831749, no: 1, code 900250 in process
----> no: 1, code 900250 currency not in KRW, skipping
2026-08-28 01:04:49.999732, no: 2, code 097870 in process
2026-08-28 01:04:57.173487, no: 3, code 093240 in process
2026-08-28 01:05:04.376021, no: 4, code 189690 in process
2026-08-28 01:05:11.635051, no: 5, code 334970 in process
2026-08-28 01:05:18.780239, no: 6, code 900310 in process
----> no: 6, code 900310 currency not in KRW, skipping
2026-08-28 01:05:23.967660, no: 7, code 273640 in process
2026-08-28 01:05:30.984305, no: 8, code 030960 in process
2026-08-28 01:05:38.138853, no: 9, code 032800 in process
2026-08-28 01:05:45.369567, no: 10, code 169330 in process
2026-08-28 01:05:52.630843, no: 11, code 900100 in process
----> no: 11, code 900100 currency not in KRW, skipping
2026-08-28 01:05:57.828457, no: 12, code 001080 in process
2026-08-28 01:06:05.116207, no: 13, code 050860 in process
== Update finished ==
