Company health data collection initiated at 2026-08-30 01:00:16.120780
Updating KRX data...
Updating between dates: 2026-08-21 / 2026-08-30
FULL rescan codes:
Total 22 items.
[0-21] ['002320', '003690', '004870', '011930', '053690', '054670', '058970', '066360', '079550', '086710', '115530', '199480', '246710', '261200', '273640', '282620', '285490', '340570', '371950', '372910', '377460', '419080']
PARTIAL rescan codes:
Total 20 items.
[0-19] ['0155E0', '417030', '001080', '169330', '309710', '050860', '030960', '097870', '900140', '252500', '093240', '021820', '900100', '900250', '189690', '221800', '900310', '334970', '032800', '900260']
full_rescan batch operation: 0
Financial data collection log >> 
2026-08-30 01:00:22.881301, no: 0, code 002320 in process
2026-08-30 01:00:38.406193, no: 1, code 003690 in process
2026-08-30 01:00:46.659315, no: 2, code 004870 in process
2026-08-30 01:01:02.414004, no: 3, code 011930 in process
2026-08-30 01:01:18.264510, no: 4, code 053690 in process
2026-08-30 01:01:34.543631, no: 5, code 054670 in process
2026-08-30 01:01:49.647975, no: 6, code 058970 in process
2026-08-30 01:01:59.848197, no: 7, code 066360 in process
2026-08-30 01:02:13.355397, no: 8, code 079550 in process
2026-08-30 01:02:28.416670, no: 9, code 086710 in process
2026-08-30 01:02:39.040592, no: 10, code 115530 in process
2026-08-30 01:02:54.247419, no: 11, code 199480 in process
2026-08-30 01:03:01.737533, no: 12, code 246710 in process
2026-08-30 01:03:13.953368, no: 13, code 261200 in process
2026-08-30 01:03:27.871093, no: 14, code 273640 in process
2026-08-30 01:03:37.901484, no: 15, code 282620 in process
2026-08-30 01:03:43.586837, no: 16, code 285490 in process
2026-08-30 01:03:56.677623, no: 17, code 340570 in process
2026-08-30 01:04:07.405216, no: 18, code 371950 in process
2026-08-30 01:04:17.198868, no: 19, code 372910 in process
2026-08-30 01:04:27.251931, no: 20, code 377460 in process
2026-08-30 01:04:36.672903, no: 21, code 419080 in process
partial_rescan batch operation: 0
Financial data collection log >> 
2026-08-30 01:04:55.492082, no: 0, code 0155E0 in process
2026-08-30 01:05:01.336216, no: 1, code 417030 in process
2026-08-30 01:05:07.037413, no: 2, code 001080 in process
2026-08-30 01:05:14.118386, no: 3, code 169330 in process
2026-08-30 01:05:21.573544, no: 4, code 309710 in process
2026-08-30 01:05:28.280832, no: 5, code 050860 in process
2026-08-30 01:05:35.355058, no: 6, code 030960 in process
2026-08-30 01:05:42.405838, no: 7, code 097870 in process
2026-08-30 01:05:49.526685, no: 8, code 900140 in process
----> no: 8, code 900140 currency not in KRW, skipping
2026-08-30 01:05:54.707875, no: 9, code 252500 in process
2026-08-30 01:06:01.560393, no: 10, code 093240 in process
2026-08-30 01:06:08.682010, no: 11, code 021820 in process
2026-08-30 01:06:15.779884, no: 12, code 900100 in process
----> no: 12, code 900100 currency not in KRW, skipping
2026-08-30 01:06:20.951878, no: 13, code 900250 in process
----> no: 13, code 900250 currency not in KRW, skipping
2026-08-30 01:06:26.133061, no: 14, code 189690 in process
2026-08-30 01:06:33.273640, no: 15, code 221800 in process
2026-08-30 01:06:40.173548, no: 16, code 900310 in process
----> no: 16, code 900310 currency not in KRW, skipping
2026-08-30 01:06:45.354693, no: 17, code 334970 in process
2026-08-30 01:06:52.430727, no: 18, code 032800 in process
2026-08-30 01:06:59.837089, no: 19, code 900260 in process
----> no: 19, code 900260 currency not in KRW, skipping
== Update finished ==
Company health data collection initiated at 2026-08-31 01:00:16.778799
Updating KRX data...
Updating between dates: 2026-08-23 / 2026-08-31
FULL rescan codes:
Total 18 items.
[0-17] ['002320', '003690', '004870', '053690', '054670', '058970', '066360', '079550', '086710', '199480', '246710', '273640', '282620', '285490', '371950', '372910', '377460', '419080']
PARTIAL rescan codes:
Total 15 items.
[0-14] ['030960', '900100', '097870', '093240', '021820', '334970', '900250', '032800', '001080', '189690', '169330', '050860', '900310', '900260', '900140']
full_rescan batch operation: 0
Financial data collection log >> 
2026-08-31 01:00:23.747226, no: 0, code 002320 in process
2026-08-31 01:00:40.029665, no: 1, code 003690 in process
2026-08-31 01:00:48.621556, no: 2, code 004870 in process
2026-08-31 01:01:04.173284, no: 3, code 053690 in process
2026-08-31 01:01:20.371634, no: 4, code 054670 in process
2026-08-31 01:01:36.160779, no: 5, code 058970 in process
2026-08-31 01:01:46.450665, no: 6, code 066360 in process
2026-08-31 01:02:00.065507, no: 7, code 079550 in process
2026-08-31 01:02:15.732369, no: 8, code 086710 in process
2026-08-31 01:02:26.490063, no: 9, code 199480 in process
2026-08-31 01:02:33.891517, no: 10, code 246710 in process
2026-08-31 01:02:46.337900, no: 11, code 273640 in process
2026-08-31 01:02:56.465840, no: 12, code 282620 in process
2026-08-31 01:03:02.153788, no: 13, code 285490 in process
2026-08-31 01:03:15.407101, no: 14, code 371950 in process
2026-08-31 01:03:25.322677, no: 15, code 372910 in process
2026-08-31 01:03:36.263782, no: 16, code 377460 in process
2026-08-31 01:03:45.992114, no: 17, code 419080 in process
partial_rescan batch operation: 0
Financial data collection log >> 
2026-08-31 01:04:04.763924, no: 0, code 030960 in process
2026-08-31 01:04:11.910612, no: 1, code 900100 in process
----> no: 1, code 900100 currency not in KRW, skipping
2026-08-31 01:04:17.092190, no: 2, code 097870 in process
2026-08-31 01:04:25.261746, no: 3, code 093240 in process
2026-08-31 01:04:32.463475, no: 4, code 021820 in process
2026-08-31 01:04:39.682548, no: 5, code 334970 in process
2026-08-31 01:04:46.769058, no: 6, code 900250 in process
----> no: 6, code 900250 currency not in KRW, skipping
2026-08-31 01:04:51.938067, no: 7, code 032800 in process
2026-08-31 01:04:59.099764, no: 8, code 001080 in process
2026-08-31 01:05:06.273585, no: 9, code 189690 in process
2026-08-31 01:05:18.596203, no: 10, code 169330 in process
2026-08-31 01:05:25.853572, no: 11, code 050860 in process
2026-08-31 01:05:33.051597, no: 12, code 900310 in process
----> no: 12, code 900310 currency not in KRW, skipping
2026-08-31 01:05:38.238232, no: 13, code 900260 in process
----> no: 13, code 900260 currency not in KRW, skipping
2026-08-31 01:05:43.413975, no: 14, code 900140 in process
----> no: 14, code 900140 currency not in KRW, skipping
== Update finished ==
Company health data collection initiated at 2026-09-01 01:00:15.819735
Updating KRX data...
Updating between dates: 2026-08-24 / 2026-09-01
FULL rescan codes:
Total 30 items.
[0-29] ['0001A0', '000370', '000400', '000540', '000880', '002220', '002320', '003690', '004870', '040300', '053690', '054090', '054670', '058970', '066360', '079550', '085620', '086710', '088350', '102370', '102940', '199480', '246710', '273640', '282620', '285490', '371950', '372910', '377460', '419080']
PARTIAL rescan codes:
Total 23 items.
[0-22] ['001080', '900250', '900340', '021820', '900300', '900070', '900260', '900110', '093240', '459510', '900270', '398120', '097870', '189690', '900140', '334970', '050860', '169330', '246710', '900310', '032800', '030960', '900100']
full_rescan batch operation: 0
Financial data collection log >> 
2026-09-01 01:00:23.337533, no: 0, code 0001A0 in process
2026-09-01 01:00:29.649185, no: 1, code 000370 in process
2026-09-01 01:00:38.139361, no: 2, code 000400 in process
2026-09-01 01:00:46.564465, no: 3, code 000540 in process
2026-09-01 01:00:55.135925, no: 4, code 000880 in process
2026-09-01 01:01:11.267059, no: 5, code 002220 in process
2026-09-01 01:01:27.066455, no: 6, code 002320 in process
2026-09-01 01:01:43.307982, no: 7, code 003690 in process
2026-09-01 01:01:51.853797, no: 8, code 004870 in process
2026-09-01 01:02:07.592727, no: 9, code 040300 in process
2026-09-01 01:02:23.809110, no: 10, code 053690 in process
2026-09-01 01:02:39.550108, no: 11, code 054090 in process
2026-09-01 01:02:55.785988, no: 12, code 054670 in process
2026-09-01 01:03:11.235650, no: 13, code 058970 in process
2026-09-01 01:03:21.599731, no: 14, code 066360 in process
2026-09-01 01:03:35.413553, no: 15, code 079550 in process
2026-09-01 01:03:51.958658, no: 16, code 085620 in process
2026-09-01 01:04:00.353742, no: 17, code 086710 in process
2026-09-01 01:04:12.119250, no: 18, code 088350 in process
2026-09-01 01:04:20.700517, no: 19, code 102370 in process
2026-09-01 01:04:30.866162, no: 20, code 102940 in process
2026-09-01 01:04:46.227062, no: 21, code 199480 in process
2026-09-01 01:04:53.681048, no: 22, code 246710 in process
2026-09-01 01:05:06.248424, no: 23, code 273640 in process
2026-09-01 01:05:16.385787, no: 24, code 282620 in process
2026-09-01 01:05:22.268102, no: 25, code 285490 in process
2026-09-01 01:05:35.259009, no: 26, code 371950 in process
2026-09-01 01:05:45.326678, no: 27, code 372910 in process
2026-09-01 01:05:55.648503, no: 28, code 377460 in process
2026-09-01 01:06:05.183325, no: 29, code 419080 in process
partial_rescan batch operation: 0
Financial data collection log >> 
2026-09-01 01:06:23.837564, no: 0, code 001080 in process
2026-09-01 01:06:29.673631, no: 1, code 900250 in process
----> no: 1, code 900250 currency not in KRW, skipping
2026-09-01 01:06:34.970030, no: 2, code 900340 in process
----> no: 2, code 900340 currency not in KRW, skipping
2026-09-01 01:06:40.300102, no: 3, code 021820 in process
2026-09-01 01:06:46.168568, no: 4, code 900300 in process
----> no: 4, code 900300 currency not in KRW, skipping
2026-09-01 01:06:51.476472, no: 5, code 900070 in process
----> no: 5, code 900070 currency not in KRW, skipping
2026-09-01 01:06:56.801380, no: 6, code 900260 in process
----> no: 6, code 900260 currency not in KRW, skipping
2026-09-01 01:07:02.128902, no: 7, code 900110 in process
----> no: 7, code 900110 currency not in KRW, skipping
2026-09-01 01:07:07.450658, no: 8, code 093240 in process
2026-09-01 01:07:13.273911, no: 9, code 459510 in process
2026-09-01 01:07:20.080386, no: 10, code 900270 in process
----> no: 10, code 900270 currency not in KRW, skipping
2026-09-01 01:07:25.364285, no: 11, code 398120 in process
2026-09-01 01:07:32.533411, no: 12, code 097870 in process
2026-09-01 01:07:38.413536, no: 13, code 189690 in process
2026-09-01 01:07:44.591970, no: 14, code 900140 in process
----> no: 14, code 900140 currency not in KRW, skipping
2026-09-01 01:07:49.940301, no: 15, code 334970 in process
2026-09-01 01:07:55.768783, no: 16, code 050860 in process
2026-09-01 01:08:01.563554, no: 17, code 169330 in process
2026-09-01 01:08:07.408447, no: 18, code 246710 in process
2026-09-01 01:08:14.440750, no: 19, code 900310 in process
----> no: 19, code 900310 currency not in KRW, skipping
2026-09-01 01:08:19.768887, no: 20, code 032800 in process
2026-09-01 01:08:25.601370, no: 21, code 030960 in process
2026-09-01 01:08:31.528592, no: 22, code 900100 in process
----> no: 22, code 900100 currency not in KRW, skipping
== Update finished ==
